{
  "user_name": "testUserName",
  "password": "testPassword"
}