{
  "user_name": "testUserName",
  "qassword": "testPassword"
}